[backblue.gif]
[fade.gif]
[index.html]
[www.hyosungheavyindustries.com/resources/front/en/images/common/logo_header.png]
[www.hyosungheavyindustries.com/resources/front/en/images/common/main_thum_product_1.jpg]
[www.hyosungheavyindustries.com/resources/front/en/images/common/main_thum_product_2.jpg]
[www.hyosungheavyindustries.com/resources/front/en/images/common/main_thum_product_3.jpg]
[www.hyosungheavyindustries.com/resources/front/en/images/common/main_thum_product_4.jpg]
[www.hyosungheavyindustries.com/resources/front/en/images/common/main_thum_product_5.jpg]
[www.hyosungheavyindustries.com/resources/front/en/images/common/main_thum_product_6.jpg]
[www.hyosungheavyindustries.com/resources/front/en/images/common/main_thum_product_7.jpg]
[www.hyosungheavyindustries.com/resources/front/en/images/common/main_thum_product_8.jpg]
[www.hyosungheavyindustries.com/upload/newscenter/f047b4e5f9e547f68d460b236a53a9dc.jpg]
[www.hyosungheavyindustries.com/upload/newscenter/9ae87e6b96e0434b92b2d8122584b03d.jpg]
[www.hyosungheavyindustries.com/upload/newscenter/e20dc696257941129a112454cf8a5dc6.jpg]
[www.hyosungheavyindustries.com/en/main.html]
[www.hyosungheavyindustries.com/resources/front/en/images/icon_home.png]
[www.hyosungheavyindustries.com/resources/front/en/images/ir/bg_temp_data.png]
[www.hyosungheavyindustries.com/resources/front/en/images/common/split_img.png]
[www.hyosungheavyindustries.com/resources/front/en/images/common/icon_download.png]
[www.hyosungheavyindustries.com/resources/front/en/images/common/loader.gif]
[www.hyosungheavyindustries.com/resources/front/en/images/common/main_visual_slide_2.jpg]
[www.hyosungheavyindustries.com/resources/front/en/images/common/main_visual_slide_3.jpg]
[www.hyosungheavyindustries.com/resources/front/en/images/common/main_visual_slide_1.jpg]
[www.hyosungheavyindustries.com/resources/front/en/images/pr/no-img.png]
[www.hyosungheavyindustries.com/resources/front/en/images/pr/icon_movie.png]
[www.hyosungheavyindustries.com/resources/front/en/images/common/bg_banner_1.jpg]
[www.hyosungheavyindustries.com/resources/front/en/images/common/bg_banner_2.jpg]
[www.hyosungheavyindustries.com/resources/front/en/images/common/bg_banner_3.jpg]
[www.hyosungheavyindustries.com/resources/front/en/images/common/bg_banner_6.jpg]
[www.hyosungheavyindustries.com/resources/front/en/css/main.css]
[www.hyosungheavyindustries.com/en/about/intro.html]
[www.hyosungheavyindustries.com/en/about/greetings.html]
[www.hyosungheavyindustries.com/en/about/hyosung_way.html]
[www.hyosungheavyindustries.com/en/about/global_network.html]
[www.hyosungheavyindustries.com/en/about/rnd.html]
[www.hyosungheavyindustries.com/resources/front/en/images/business/top_power_transformer_img.jpg]
[www.hyosungheavyindustries.com/resources/front/en/images/business/img_powertransformer_app_01.jpg]
[www.hyosungheavyindustries.com/resources/front/en/images/business/img_powertransformer_app_02.jpg]
[www.hyosungheavyindustries.com/resources/front/en/images/business/img_powertransformer_app_03.jpg]
[www.hyosungheavyindustries.com/resources/front/en/images/business/img_powertransformer_app_04.jpg]
[www.hyosungheavyindustries.com/resources/front/en/images/business/img_powertransformer_app_05.jpg]
[www.hyosungheavyindustries.com/resources/front/en/images/business/img_powertransformer_app_06.jpg]
[www.hyosungheavyindustries.com/resources/front/en/images/business/img_powertransformer_app_07.jpg]
[www.hyosungheavyindustries.com/resources/front/en/images/business/img_powertransformer_app_08.jpg]
[www.hyosungheavyindustries.com/resources/front/en/images/business/map_delivery_power_trsfm.gif]
[www.hyosungheavyindustries.com/en/business/power_transformer.html]
[www.hyosungheavyindustries.com/en/business/ess.html]
[www.hyosungheavyindustries.com/en/business/high_voltage_motor.html]
[www.hyosungheavyindustries.com/en/business/gear_box.html]
[www.hyosungheavyindustries.com/en/business/arc_welding_machines.html]
[www.hyosungheavyindustries.com/en/business/housing_field.html]
[www.hyosungheavyindustries.com/en/csr/csr_summary.html]
[www.hyosungheavyindustries.com/en/csr/green_management.html]
[www.hyosungheavyindustries.com/en/csr/social_contribution_management.html]
[www.hyosungheavyindustries.com/en/csr/ethical_management.html]
[www.hyosungheavyindustries.com/en/csr/sustainability_report.html]
[www.hyosungheavyindustries.com/en/pr/news_center_l.html]
[www.hyosungheavyindustries.com/en/pr/pr_movies.html]
[www.hyosungheavyindustries.com/en/ir/the_board_of_directors.html]
[www.hyosungheavyindustries.com/en/ir/balance_sheet.html]
[www.hyosungheavyindustries.com/en/ir/stock_price_index.html]
